// Jest Snapshot v1, https://goo.gl/fbAQLP

exports[`TransactionsTable should render TransactionsTable 1`] = `
<table
  className="table"
>
  <thead>
    <tr>
      <th>
        Descrição
      </th>
      <th>
        Preço
      </th>
      <th>
        Tipo de transação
      </th>
      <th />
    </tr>
  </thead>
  <tfoot>
    <tr>
      <th
        colSpan={4}
      >
        Total: 
        R$2.31
      </th>
    </tr>
  </tfoot>
  <tbody>
    <tr
      key="0"
    >
      <td>
        Foo
      </td>
      <td>
        R$1.00
      </td>
      <td />
      <td
        style={
          Object {
            "width": "30px",
          }
        }
      >
        <Button
          onClick={[Function]}
          title="Deletar transação: Foo"
          variant="emoji"
        >
          <span
            aria-label="Deletar transação: Foo"
            role="img"
          >
            ❌
          </span>
        </Button>
      </td>
    </tr>
  </tbody>
</table>
`;
